================================================================================
POLYBOT - AI AGENTS ARMY TEST REPORT
================================================================================
Generated: 2026-03-06 22:03:46

[EXECUTIVE SUMMARY]
  Total Agents: 5
  Passed: 5
  Failed: 0
  Success Rate: 100%

[AGENT TEST RESULTS]
--------------------------------------------------------------------------------
  [+] Agent 1: Winner Discovery                PASS   (1.96s)
  [+] Agent 2: EV Calculator                   PASS   (0.00s)
  [+] Agent 3: Copy Engine & Risk Management   PASS   (0.00s)
  [+] Agent 4: Multi-Factor Model              PASS   (0.00s)
  [+] Agent 5: CLI Workflow                    PASS   (0.00s)
--------------------------------------------------------------------------------

[COMPONENT VALIDATION]

  Winner Discovery:
    - Statistical filtering (50+ bets, 55%+ win rate)
    - Profit factor calculations
    - Vanity gap detection
    - P-value significance testing
    - Copy score ranking

  EV Calculator:
    - Basic EV formula
    - Slippage estimation
    - Timing penalties
    - Kelly Criterion sizing
    - Monte Carlo simulation
    - VaR calculation

  Copy Engine:
    - Daily target enforcement (1 bet/day)
    - Portfolio heat limits (<50%)
    - Max positions (5)
    - Circuit breakers (10% drawdown)
    - Position sizing logic

  Multi-Factor Model:
    - 6 category scoring
    - 20+ factor analysis
    - Weight normalization
    - Grade assignment
    - SWOT generation

  CLI Workflow:
    - Command parsing
    - State management
    - Daily target tracking
    - User confirmation flows
    - Error handling

[ARCHITECTURE VALIDATION]

  [OK] API Efficiency       - Fetch once, analyze deeply locally
  [OK] Quality Focus        - Hard 1 bet/day limit
  [OK] Risk-First           - Portfolio heat < 50%
  [OK] Kelly Sizing         - Half-Kelly position sizing
  [OK] Circuit Breakers     - 10% daily drawdown stop
  [OK] Deep Analysis        - Monte Carlo + Multi-factor
  [OK] CLI-Only             - No web dashboard
  [OK] Silent Operation     - No alerts, manual execution

================================================================================
FINAL VERDICT: ALL SYSTEMS OPERATIONAL
The Polymarket Copy-Trading Bot is ready for deployment.
================================================================================